src/routes/user.routes.ts(8,70): error TS2345: Argument of type '(request: FastifyRequest<{ Params: { id: string; }; }>, reply: FastifyReply) => Promise<never>' is not assignable to parameter of type 'RouteHandlerMethod<RawServerDefault, IncomingMessage, ServerResponse<IncomingMessage>, RouteGenericInterface, unknown, FastifySchema, FastifyTypeProviderDefault, FastifyBaseLogger>'.
  Types of parameters 'request' and 'request' are incompatible.
    Type 'FastifyRequest<RouteGenericInterface, RawServerDefault, IncomingMessage, FastifySchema, FastifyTypeProviderDefault, unknown, FastifyBaseLogger, ResolveFastifyRequestType<...>>' is not assignable to type 'FastifyRequest<{ Params: { id: string; }; }, RawServerDefault, IncomingMessage, FastifySchema, FastifyTypeProviderDefault, unknown, FastifyBaseLogger, ResolveFastifyRequestType<...>>'.
      Type 'RouteGenericInterface' is not assignable to type '{ Params: { id: string; }; }'.
        Types of property 'Params' are incompatible.
          Type 'unknown' is not assignable to type '{ id: string; }'.
src/routes/user.routes.ts(9,73): error TS2345: Argument of type '(request: FastifyRequest<{ Params: { id: string; }; }>, reply: FastifyReply) => Promise<never>' is not assignable to parameter of type 'RouteHandlerMethod<RawServerDefault, IncomingMessage, ServerResponse<IncomingMessage>, RouteGenericInterface, unknown, FastifySchema, FastifyTypeProviderDefault, FastifyBaseLogger>'.
  Types of parameters 'request' and 'request' are incompatible.
    Type 'FastifyRequest<RouteGenericInterface, RawServerDefault, IncomingMessage, FastifySchema, FastifyTypeProviderDefault, unknown, FastifyBaseLogger, ResolveFastifyRequestType<...>>' is not assignable to type 'FastifyRequest<{ Params: { id: string; }; }, RawServerDefault, IncomingMessage, FastifySchema, FastifyTypeProviderDefault, unknown, FastifyBaseLogger, ResolveFastifyRequestType<...>>'.
      Type 'RouteGenericInterface' is not assignable to type '{ Params: { id: string; }; }'.
        Types of property 'Params' are incompatible.
          Type 'unknown' is not assignable to type '{ id: string; }'.
